// Vitest Snapshot v1, https://vitest.dev/guide/snapshot.html

exports[`v1 spec snapshot > matches the recorded endpoint count > endpoint-count 1`] = `175`;

exports[`v1 spec snapshot > matches the recorded endpoint key set > endpoint-keys 1`] = `
[
  "DELETE /api/v1/companies/:companyId/assets/:id",
  "DELETE /api/v1/companies/:companyId/customers/:id",
  "DELETE /api/v1/companies/:companyId/dimensions/:id/values/:valueId",
  "DELETE /api/v1/companies/:companyId/employees/:id",
  "DELETE /api/v1/companies/:companyId/employees/:id/absence",
  "DELETE /api/v1/companies/:companyId/employees/:id/benefits/:benefitId",
  "DELETE /api/v1/companies/:companyId/employees/:id/recurring-lines/:lineId",
  "DELETE /api/v1/companies/:companyId/employees/:id/worked-days",
  "DELETE /api/v1/companies/:companyId/invoices/:id",
  "DELETE /api/v1/companies/:companyId/journal-entries/:id",
  "DELETE /api/v1/companies/:companyId/reconciliation/accounts/:accountKey/links/:linkId",
  "DELETE /api/v1/companies/:companyId/reports/vat-declaration/filings",
  "DELETE /api/v1/companies/:companyId/salary-runs/:id",
  "DELETE /api/v1/companies/:companyId/salary-runs/:id/employees/:employeeId",
  "DELETE /api/v1/companies/:companyId/salary-runs/:id/lines/:lineId",
  "DELETE /api/v1/companies/:companyId/suppliers/:id",
  "DELETE /api/v1/companies/:companyId/transactions/:id/ignore",
  "DELETE /api/v1/companies/:companyId/webhooks/:id",
  "GET /api/v1/companies",
  "GET /api/v1/companies/:companyId/accounts",
  "GET /api/v1/companies/:companyId/articles",
  "GET /api/v1/companies/:companyId/assets",
  "GET /api/v1/companies/:companyId/assets/:id",
  "GET /api/v1/companies/:companyId/bank-connections",
  "GET /api/v1/companies/:companyId/cash-accounts",
  "GET /api/v1/companies/:companyId/compliance/check",
  "GET /api/v1/companies/:companyId/customers",
  "GET /api/v1/companies/:companyId/customers/:id",
  "GET /api/v1/companies/:companyId/dimensions",
  "GET /api/v1/companies/:companyId/documents/:id/download",
  "GET /api/v1/companies/:companyId/employees",
  "GET /api/v1/companies/:companyId/employees/:id",
  "GET /api/v1/companies/:companyId/employees/:id/absence",
  "GET /api/v1/companies/:companyId/employees/:id/benefits",
  "GET /api/v1/companies/:companyId/employees/:id/opening-balances",
  "GET /api/v1/companies/:companyId/employees/:id/recurring-lines",
  "GET /api/v1/companies/:companyId/employees/:id/vacation-balance",
  "GET /api/v1/companies/:companyId/employees/:id/worked-days",
  "GET /api/v1/companies/:companyId/fiscal-periods",
  "GET /api/v1/companies/:companyId/invoices",
  "GET /api/v1/companies/:companyId/invoices/:id",
  "GET /api/v1/companies/:companyId/invoices/:id/pdf",
  "GET /api/v1/companies/:companyId/journal-entries",
  "GET /api/v1/companies/:companyId/journal-entries/:id",
  "GET /api/v1/companies/:companyId/reconciliation/accounts",
  "GET /api/v1/companies/:companyId/reconciliation/accounts/:accountKey",
  "GET /api/v1/companies/:companyId/reconciliation/accounts/:accountKey/items",
  "GET /api/v1/companies/:companyId/reconciliation/accounts/:accountKey/signoff",
  "GET /api/v1/companies/:companyId/reconciliation/bank/status",
  "GET /api/v1/companies/:companyId/reports/ar-ledger",
  "GET /api/v1/companies/:companyId/reports/avgifter-basis",
  "GET /api/v1/companies/:companyId/reports/balance-sheet",
  "GET /api/v1/companies/:companyId/reports/balance-sheet/pdf",
  "GET /api/v1/companies/:companyId/reports/continuity-check",
  "GET /api/v1/companies/:companyId/reports/general-ledger",
  "GET /api/v1/companies/:companyId/reports/income-statement",
  "GET /api/v1/companies/:companyId/reports/income-statement/pdf",
  "GET /api/v1/companies/:companyId/reports/journal-register",
  "GET /api/v1/companies/:companyId/reports/monthly-breakdown",
  "GET /api/v1/companies/:companyId/reports/salary-journal",
  "GET /api/v1/companies/:companyId/reports/sie-export",
  "GET /api/v1/companies/:companyId/reports/supplier-ledger",
  "GET /api/v1/companies/:companyId/reports/trial-balance",
  "GET /api/v1/companies/:companyId/reports/vacation-liability",
  "GET /api/v1/companies/:companyId/reports/vat-declaration",
  "GET /api/v1/companies/:companyId/reports/vat-declaration/filings",
  "GET /api/v1/companies/:companyId/salary-runs",
  "GET /api/v1/companies/:companyId/salary-runs/:id",
  "GET /api/v1/companies/:companyId/salary-runs/:id/employees",
  "GET /api/v1/companies/:companyId/salary-runs/:id/employees/:employeeId",
  "GET /api/v1/companies/:companyId/salary-runs/:id/payment-files",
  "GET /api/v1/companies/:companyId/salary-runs/:id/payslips/:employeeId/pdf",
  "GET /api/v1/companies/:companyId/salary/settings",
  "GET /api/v1/companies/:companyId/skatteverket/vat-declarations",
  "GET /api/v1/companies/:companyId/supplier-invoices",
  "GET /api/v1/companies/:companyId/supplier-invoices/:id",
  "GET /api/v1/companies/:companyId/suppliers",
  "GET /api/v1/companies/:companyId/suppliers/:id",
  "GET /api/v1/companies/:companyId/transactions",
  "GET /api/v1/companies/:companyId/transactions/:id",
  "GET /api/v1/companies/:companyId/webhooks",
  "GET /api/v1/companies/:companyId/webhooks/:id",
  "GET /api/v1/companies/:companyId/webhooks/:id/deliveries",
  "GET /api/v1/health",
  "GET /api/v1/operations/:id",
  "PATCH /api/v1/companies/:companyId/assets/:id",
  "PATCH /api/v1/companies/:companyId/cash-accounts/:cashAccountId",
  "PATCH /api/v1/companies/:companyId/customers/:id",
  "PATCH /api/v1/companies/:companyId/dimensions/:id/values/:valueId",
  "PATCH /api/v1/companies/:companyId/employees/:id",
  "PATCH /api/v1/companies/:companyId/employees/:id/benefits/:benefitId",
  "PATCH /api/v1/companies/:companyId/employees/:id/recurring-lines/:lineId",
  "PATCH /api/v1/companies/:companyId/invoices/:id",
  "PATCH /api/v1/companies/:companyId/salary-runs/:id",
  "PATCH /api/v1/companies/:companyId/salary-runs/:id/employees/:employeeId",
  "PATCH /api/v1/companies/:companyId/salary-runs/:id/lines/:lineId",
  "PATCH /api/v1/companies/:companyId/salary/settings",
  "PATCH /api/v1/companies/:companyId/settings",
  "PATCH /api/v1/companies/:companyId/supplier-invoices/:id",
  "PATCH /api/v1/companies/:companyId/suppliers/:id",
  "PATCH /api/v1/companies/:companyId/webhooks/:id",
  "POST /api/v1/companies",
  "POST /api/v1/companies/:companyId/assets",
  "POST /api/v1/companies/:companyId/assets/:id/dispose",
  "POST /api/v1/companies/:companyId/bank-connections/:connectionId/sync",
  "POST /api/v1/companies/:companyId/cash-accounts",
  "POST /api/v1/companies/:companyId/customers",
  "POST /api/v1/companies/:companyId/customers/bulk-create",
  "POST /api/v1/companies/:companyId/dimensions/:id/values",
  "POST /api/v1/companies/:companyId/documents",
  "POST /api/v1/companies/:companyId/documents/:id/link",
  "POST /api/v1/companies/:companyId/employees",
  "POST /api/v1/companies/:companyId/employees/:id/benefits",
  "POST /api/v1/companies/:companyId/employees/:id/recurring-lines",
  "POST /api/v1/companies/:companyId/fiscal-periods/:id/close",
  "POST /api/v1/companies/:companyId/fiscal-periods/:id/currency-revaluation",
  "POST /api/v1/companies/:companyId/fiscal-periods/:id/lock",
  "POST /api/v1/companies/:companyId/fiscal-periods/:id/opening-balances",
  "POST /api/v1/companies/:companyId/fiscal-periods/:id/year-end",
  "POST /api/v1/companies/:companyId/imports/bank",
  "POST /api/v1/companies/:companyId/imports/sie",
  "POST /api/v1/companies/:companyId/imports/sie/upload",
  "POST /api/v1/companies/:companyId/inbox-items/:id/stamp",
  "POST /api/v1/companies/:companyId/invoices",
  "POST /api/v1/companies/:companyId/invoices/:id/credit",
  "POST /api/v1/companies/:companyId/invoices/:id/mark-paid",
  "POST /api/v1/companies/:companyId/invoices/:id/mark-sent",
  "POST /api/v1/companies/:companyId/invoices/:id/quote-status",
  "POST /api/v1/companies/:companyId/invoices/:id/send",
  "POST /api/v1/companies/:companyId/invoices/bulk-create",
  "POST /api/v1/companies/:companyId/journal-entries",
  "POST /api/v1/companies/:companyId/journal-entries/:id/commit",
  "POST /api/v1/companies/:companyId/journal-entries/:id/correct",
  "POST /api/v1/companies/:companyId/journal-entries/:id/reverse",
  "POST /api/v1/companies/:companyId/journal-entries/batch-create",
  "POST /api/v1/companies/:companyId/reconciliation/accounts/:accountKey/items/:itemId/ignore",
  "POST /api/v1/companies/:companyId/reconciliation/accounts/:accountKey/links",
  "POST /api/v1/companies/:companyId/reconciliation/accounts/:accountKey/residual",
  "POST /api/v1/companies/:companyId/reconciliation/accounts/:accountKey/signoff",
  "POST /api/v1/companies/:companyId/reconciliation/accounts/:accountKey/signoff/:signoffId/reopen",
  "POST /api/v1/companies/:companyId/reconciliation/bank/run",
  "POST /api/v1/companies/:companyId/reports/vat-declaration/filings",
  "POST /api/v1/companies/:companyId/salary-runs",
  "POST /api/v1/companies/:companyId/salary-runs/:id/approve",
  "POST /api/v1/companies/:companyId/salary-runs/:id/book",
  "POST /api/v1/companies/:companyId/salary-runs/:id/calculate",
  "POST /api/v1/companies/:companyId/salary-runs/:id/correct",
  "POST /api/v1/companies/:companyId/salary-runs/:id/employees",
  "POST /api/v1/companies/:companyId/salary-runs/:id/employees/:employeeId/lines",
  "POST /api/v1/companies/:companyId/salary-runs/:id/generate-agi",
  "POST /api/v1/companies/:companyId/salary-runs/:id/mark-paid",
  "POST /api/v1/companies/:companyId/salary-runs/:id/payment-file",
  "POST /api/v1/companies/:companyId/salary/vacation-year-close",
  "POST /api/v1/companies/:companyId/supplier-invoices",
  "POST /api/v1/companies/:companyId/supplier-invoices/:id/approve",
  "POST /api/v1/companies/:companyId/supplier-invoices/:id/credit",
  "POST /api/v1/companies/:companyId/supplier-invoices/:id/mark-paid",
  "POST /api/v1/companies/:companyId/suppliers",
  "POST /api/v1/companies/:companyId/suppliers/bulk-create",
  "POST /api/v1/companies/:companyId/transactions/:id/categorize",
  "POST /api/v1/companies/:companyId/transactions/:id/ignore",
  "POST /api/v1/companies/:companyId/transactions/:id/match-invoice",
  "POST /api/v1/companies/:companyId/transactions/:id/match-supplier-invoice",
  "POST /api/v1/companies/:companyId/transactions/:id/uncategorize",
  "POST /api/v1/companies/:companyId/transactions/batch-categorize",
  "POST /api/v1/companies/:companyId/transactions/ingest",
  "POST /api/v1/companies/:companyId/voucher-gap-explanations",
  "POST /api/v1/companies/:companyId/webhooks",
  "POST /api/v1/companies/:companyId/webhooks/:id/rotate-secret",
  "POST /api/v1/companies/:companyId/webhooks/:id/test",
  "POST /api/v1/webhook-deliveries/:id/retry",
  "PUT /api/v1/companies/:companyId/employees/:id/absence",
  "PUT /api/v1/companies/:companyId/employees/:id/opening-balances",
  "PUT /api/v1/companies/:companyId/employees/:id/worked-days",
  "PUT /api/v1/companies/:companyId/employees/opening-balances",
]
`;

exports[`v1 spec snapshot > matches the recorded scope catalogue > endpoint-scopes 1`] = `
[
  "bookkeeping:write",
  "companies:read",
  "companies:write",
  "compliance:read",
  "customers:read",
  "customers:write",
  "documents:read",
  "documents:write",
  "invoices:read",
  "invoices:write",
  "operations:read",
  "payroll:read",
  "payroll:write",
  "public",
  "reconciliation:read",
  "reconciliation:signoff",
  "reconciliation:write",
  "reports:read",
  "suppliers:read",
  "suppliers:write",
  "transactions:read",
  "transactions:write",
  "webhooks:manage",
]
`;
